map dimensions 50 50 50 brightness 0.3 shininess 5
// Nice shiny spheres
// sphere center 4 0 0 radius 1 thickness 0.025 color 0.02 0.25 0.82 opacity 0 reflectiveness 0.2 specular 1 shininess -1 tex assets/roughsphere.tga norm assets/normal-flat.tga
sphere center 4 0 -1.5 radius 1 thickness 1 color 0.02 0.25 0.82 opacity 1 reflectiveness 0 specular 1 shininess -1 tex assets/roughsphere.tga norm assets/roughsphere-normal.tga
sphere center 4 0 1.5 radius 1 thickness 1 color 0.02 0.25 0.82 opacity 1 reflectiveness 0 specular 1 shininess -1 tex assets/mud/color.tga norm assets/mud/normal.tga


// "nolighting" tag so its entirely lit
sphere center 0 0 0 radius 50 thickness 1 color 1 1 1 opacity 1 reflectiveness 0 specular 0 shininess 0 tex assets/garden.tga nolighting

plight center 0 49 0 color #ff9f9f brightness 1000 specular 0.5 color #ffffff
plight center -1 0.5 0 color #ffffff brightness 10 specular 0.5 color #ffffff
campreset centered pos 3.2266 2.76751 0.929381 phi 0.876473 theta -1.15349 fov 43.226
